// Jest Snapshot v1, https://goo.gl/fbAQLP

exports[`employee edit form when the delete button is clicked when removal fails shows an error message 1`] = `"<p class=\\"error alert alert-danger ng-scope\\" ng-if=\\"$ctrl.hasError\\">Something went wrong!</p>"`;

exports[`employee edit form when the save button is clicked when saving fails shows an error message 1`] = `"<p class=\\"error alert alert-danger ng-scope\\" ng-if=\\"$ctrl.hasError\\">Something went wrong!</p>"`;
